// Jest Snapshot v1, https://goo.gl/fbAQLP

exports[`<NoteList /> should match snapshot 1`] = `
<div>
  <ul
    class="sc-gsnTZi dQOFoV"
  >
    <li
      class="sc-bczRLJ DjLSX"
    >
      <div
        class="content"
      >
        <h2>
          Nota 1
        </h2>
        <p>
          Está é a nota número 1
        </p>
      </div>
      <div
        class="controls"
      >
        <button
          title="Delete"
        >
          <svg
            fill="currentColor"
            height="24"
            stroke="currentColor"
            stroke-width="0"
            viewBox="0 0 24 24"
            width="24"
            xmlns="http://www.w3.org/2000/svg"
          >
            <path
              d="M0 0h24v24H0z"
              fill="none"
            />
            <path
              d="M6 19c0 1.1.9 2 2 2h8c1.1 0 2-.9 2-2V7H6v12zM19 4h-3.5l-1-1h-5l-1 1H5v2h14V4z"
            />
          </svg>
        </button>
      </div>
    </li>
    <li
      class="sc-bczRLJ DjLSX"
    >
      <div
        class="content"
      >
        <h2>
          Nota 2
        </h2>
        <p>
          Está é a nota número 2
        </p>
      </div>
      <div
        class="controls"
      >
        <button
          title="Delete"
        >
          <svg
            fill="currentColor"
            height="24"
            stroke="currentColor"
            stroke-width="0"
            viewBox="0 0 24 24"
            width="24"
            xmlns="http://www.w3.org/2000/svg"
          >
            <path
              d="M0 0h24v24H0z"
              fill="none"
            />
            <path
              d="M6 19c0 1.1.9 2 2 2h8c1.1 0 2-.9 2-2V7H6v12zM19 4h-3.5l-1-1h-5l-1 1H5v2h14V4z"
            />
          </svg>
        </button>
      </div>
    </li>
  </ul>
</div>
`;
